srun: ROUTE: split_hostlist: hl=b05r3n09 tree_width 0
 running on    4 total cores
 distrk:  each k-point on    1 cores,    4 groups
 distr:  one band on    1 cores,    1 groups
 HIP runtime initialized ...    4 DCUs will be used
 Created    4 streams on each DCU
HDF5-DIAG: Error detected in HDF5 (1.12.0) MPI-process 0:
  #000: H5F.c line 705 in H5Fcreate(): unable to create file
    major: File accessibility
    minor: Unable to open file
  #001: H5VLcallback.c line 3393 in H5VL_file_create(): file create failed
    major: Virtual Object Layer
    minor: Unable to create file
  #002: H5VLcallback.c line 3358 in H5VL__file_create(): file create failed
    major: Virtual Object Layer
    minor: Unable to create file
  #003: H5VLnative_file.c line 65 in H5VL__native_file_create(): unable to create file
    major: File accessibility
    minor: Unable to open file
  #004: H5Fint.c line 1622 in H5F_open(): unable to lock the file
    major: File accessibility
    minor: Unable to open file
  #005: H5FD.c line 1675 in H5FD_lock(): driver lock request failed
    major: Virtual File Layer
    minor: Can't update object
  #006: H5FDsec2.c line 959 in H5FD_sec2_lock(): unable to lock file, errno = 11, error message = 'Resource temporarily unavailable'
    major: File accessibility
    minor: Bad file ID accessed
 -----------------------------------------------------------------------------
|                     _     ____    _    _    _____     _                     |
|                    | |   |  _ \  | |  | |  / ____|   | |                    |
|                    | |   | |_) | | |  | | | |  __    | |                    |
|                    |_|   |  _ <  | |  | | | | |_ |   |_|                    |
|                     _    | |_) | | |__| | | |__| |    _                     |
|                    (_)   |____/   \____/   \_____|   (_)                    |
|                                                                             |
|     internal error in: vhdf5.F  at line: 78                                 |
|                                                                             |
|     HDF5 call in vhdf5.F:78 produced error: -1                              |
|                                                                             |
|     If you are not a developer, you should not encounter this problem.      |
|     Please submit a bug report.                                             |
|                                                                             |
 -----------------------------------------------------------------------------

Abort(1) on node 0 (rank 0 in comm 0): application called MPI_Abort(MPI_COMM_WORLD, 1) - process 0
